// Jest Snapshot v1, https://goo.gl/fbAQLP

exports[`PageShell renders shell and section primitives consistently 1`] = `
<RNCSafeAreaView
  className="flex-1"
  edges={
    {
      "bottom": "additive",
      "left": "additive",
      "right": "additive",
      "top": "additive",
    }
  }
  style={
    {
      "backgroundColor": "#F4F6FF",
    }
  }
>
  <View
    className="px-4 pt-3 pb-2.5"
  >
    <View
      className="flex-row justify-between items-center"
    >
      <View
        className="flex-1 pe-2"
      >
        <Text
          className="text-[28px] font-extrabold"
          style={
            [
              {
                "fontSize": 32,
                "fontWeight": "bold",
                "letterSpacing": -0.5,
                "lineHeight": 40,
              },
              {
                "color": "#12121A",
              },
              {
                "color": "#13251C",
              },
            ]
          }
        >
          Workspace
        </Text>
        <Text
          className="mt-0.5 text-[13px]"
          style={
            [
              {
                "fontSize": 16,
                "fontWeight": "normal",
                "letterSpacing": 0.1,
                "lineHeight": 24,
              },
              {
                "color": "#12121A",
              },
              {
                "color": "#5A7467",
              },
            ]
          }
        >
          Consistency test
        </Text>
      </View>
    </View>
  </View>
  <RCTScrollView
    className="px-4"
    contentContainerStyle={
      [
        {
          "paddingBottom": 104,
        },
        undefined,
      ]
    }
    showsVerticalScrollIndicator={false}
  >
    <View>
      <View
        className="rounded-3xl border p-4 mb-3.5"
        style={
          [
            {
              "backgroundColor": "#FFFFFF",
              "borderColor": "#DDE8E0",
              "shadowColor": "#0D3C30",
              "shadowOffset": {
                "height": 8,
                "width": 0,
              },
              "shadowOpacity": 0.08,
              "shadowRadius": 18,
            },
            undefined,
          ]
        }
      >
        <View
          className="flex-row items-center justify-between mb-3"
        >
          <Text
            className="font-bold"
            style={
              [
                {
                  "fontSize": 20,
                  "fontWeight": "500",
                  "letterSpacing": -0.2,
                  "lineHeight": 28,
                },
                {
                  "color": "#12121A",
                },
                {
                  "color": "#13251C",
                },
              ]
            }
          >
            Section
          </Text>
        </View>
      </View>
    </View>
  </RCTScrollView>
</RNCSafeAreaView>
`;
